  2AC7Z  Espressif Systems (Shanghai)                78 filings
  2ANPO  Nordic Semiconductor ASA                     6 filings
  SH6    Raytac Corp.                                32 filings
  X8W    Fanstel Corporation                         37 filings
  2AAQS  Insight SiP                                 10 filings
  PI4    Ezurio Ltd                                  29 filings
  KQL    Laird Connectivity                          26 filings
  SQG    Laird Connectivity                          63 filings
  TFB    Laird Connectivity                          25 filings
  2ABU6  Shenzhen Minew Technologies                112 filings
  2ALGY  Shenzhen Holyiot Technology                 21 filings
  2AA9B  u-blox                                      12 filings
  PV7    u-blox                                      11 filings
  PVH    u-blox                                      29 filings
  R5Q    u-blox                                       2 filings
  XPY    u-blox                                      85 filings
  OEO    Telink Semiconductor (Shanghai)             54 filings

fetching 632 grant records ...
  250/632
  500/632

632/632 grants parsed -> 283 in-band deduplicated designs

cache: 650 pages (305 hits, 345 fetches)
